// Jest Snapshot v1, https://goo.gl/fbAQLP

exports[`App renders correctly 1`] = `
<Layout>
  <Router>
    <RouterPage
      pageComponent={<CarSelect />}
      path="/"
    />
    <RouterPage
      pageComponent={<CarProfile />}
      path="cars/:id"
    />
  </Router>
</Layout>
`;
